[0.012s] Invoking command in '/home/lucifer/humble_ws/test_ws/build/modbus_client_cpp': /usr/bin/cmake /home/lucifer/humble_ws/test_ws/src/modbus_client_cpp -DCMAKE_INSTALL_PREFIX=/home/lucifer/humble_ws/test_ws/install/modbus_client_cpp
[0.167s] -- The C compiler identification is GNU 11.4.0
[0.279s] -- The CXX compiler identification is GNU 11.4.0
[0.294s] -- Detecting C compiler ABI info
[0.381s] -- Detecting C compiler ABI info - done
[0.387s] -- Check for working C compiler: /usr/bin/cc - skipped
[0.388s] -- Detecting C compile features
[0.390s] -- Detecting C compile features - done
[0.394s] -- Detecting CXX compiler ABI info
[0.489s] -- Detecting CXX compiler ABI info - done
[0.495s] -- Check for working CXX compiler: /usr/bin/c++ - skipped
[0.495s] -- Detecting CXX compile features
[0.495s] -- Detecting CXX compile features - done
[0.503s] -- Found ament_cmake: 1.3.11 (/opt/ros/humble/share/ament_cmake/cmake)
[0.664s] -- Found Python3: /usr/bin/python3 (found version "3.10.12") found components: Interpreter 
[0.752s] -- Found rclcpp: 16.0.11 (/opt/ros/humble/share/rclcpp/cmake)
[0.791s] -- Found rosidl_generator_c: 3.1.6 (/opt/ros/humble/share/rosidl_generator_c/cmake)
[0.796s] -- Found rosidl_adapter: 3.1.6 (/opt/ros/humble/share/rosidl_adapter/cmake)
[0.804s] -- Found rosidl_generator_cpp: 3.1.6 (/opt/ros/humble/share/rosidl_generator_cpp/cmake)
[0.816s] -- Using all available rosidl_typesupport_c: rosidl_typesupport_fastrtps_c;rosidl_typesupport_introspection_c
[0.838s] -- Using all available rosidl_typesupport_cpp: rosidl_typesupport_fastrtps_cpp;rosidl_typesupport_introspection_cpp
[0.884s] -- Found rmw_implementation_cmake: 6.1.2 (/opt/ros/humble/share/rmw_implementation_cmake/cmake)
[0.886s] -- Found rmw_fastrtps_cpp: 6.2.7 (/opt/ros/humble/share/rmw_fastrtps_cpp/cmake)
[0.997s] -- Found OpenSSL: /usr/lib/x86_64-linux-gnu/libcrypto.so (found version "3.0.2")  
[1.019s] -- Found FastRTPS: /opt/ros/humble/include  
[1.054s] -- Using RMW implementation 'rmw_fastrtps_cpp' as default
[1.065s] -- Looking for pthread.h
[1.149s] -- Looking for pthread.h - found
[1.150s] -- Performing Test CMAKE_HAVE_LIBC_PTHREAD
[1.230s] -- Performing Test CMAKE_HAVE_LIBC_PTHREAD - Success
[1.232s] -- Found Threads: TRUE  
[1.285s] -- Found PkgConfig: /usr/bin/pkg-config (found version "0.29.2") 
[1.285s] -- Checking for module 'libmodbus'
[1.301s] --   Found libmodbus, version 3.1.6
[1.393s] Error parsing '/home/lucifer/humble_ws/test_ws/src/modbus_client_cpp/package.xml':
[1.440s] Traceback (most recent call last):
[1.440s]   File "/usr/lib/python3/dist-packages/catkin_pkg/package.py", line 610, in parse_package_string
[1.442s]     root = dom.parseString(data)
[1.442s]   File "/usr/lib/python3.10/xml/dom/minidom.py", line 2000, in parseString
[1.443s]     return expatbuilder.parseString(string)
[1.443s]   File "/usr/lib/python3.10/xml/dom/expatbuilder.py", line 925, in parseString
[1.444s]     return builder.parseString(string)
[1.445s]   File "/usr/lib/python3.10/xml/dom/expatbuilder.py", line 223, in parseString
[1.445s]     parser.Parse(string, True)
[1.445s] xml.parsers.expat.ExpatError: not well-formed (invalid token): line 17, column 6
[1.445s] 
[1.445s] During handling of the above exception, another exception occurred:
[1.445s] 
[1.445s] Traceback (most recent call last):
[1.445s]   File "/opt/ros/humble/share/ament_cmake_core/cmake/core/package_xml_2_cmake.py", line 150, in <module>
[1.445s]     main()
[1.445s]   File "/opt/ros/humble/share/ament_cmake_core/cmake/core/package_xml_2_cmake.py", line 53, in main
[1.445s]     raise e
[1.445s]   File "/opt/ros/humble/share/ament_cmake_core/cmake/core/package_xml_2_cmake.py", line 49, in main
[1.445s]     package = parse_package_string(
[1.446s]   File "/usr/lib/python3/dist-packages/catkin_pkg/package.py", line 612, in parse_package_string
[1.446s]     raise InvalidPackage('The manifest contains invalid XML:\n%s' % ex, filename)
[1.446s] catkin_pkg.package.InvalidPackage: Error(s) in package '/home/lucifer/humble_ws/test_ws/src/modbus_client_cpp/package.xml':
[1.446s] The manifest contains invalid XML:
[1.446s] not well-formed (invalid token): line 17, column 6
[1.464s] [31mCMake Error at /opt/ros/humble/share/ament_cmake_core/cmake/core/ament_package_xml.cmake:95 (message):
[1.464s]   execute_process(/usr/bin/python3
[1.464s]   /opt/ros/humble/share/ament_cmake_core/cmake/core/package_xml_2_cmake.py
[1.464s]   /home/lucifer/humble_ws/test_ws/src/modbus_client_cpp/package.xml
[1.464s]   /home/lucifer/humble_ws/test_ws/build/modbus_client_cpp/ament_cmake_core/package.cmake)
[1.464s]   returned error code 1
[1.464s] Call Stack (most recent call first):
[1.464s]   /opt/ros/humble/share/ament_cmake_core/cmake/core/ament_package_xml.cmake:49 (_ament_package_xml)
[1.464s]   /opt/ros/humble/share/ament_cmake_core/cmake/core/ament_package.cmake:63 (ament_package_xml)
[1.464s]   CMakeLists.txt:37 (ament_package)
[1.464s] 
[1.464s] [0m
[1.464s] -- Configuring incomplete, errors occurred!
[1.464s] See also "/home/lucifer/humble_ws/test_ws/build/modbus_client_cpp/CMakeFiles/CMakeOutput.log".
[1.473s] Invoked command in '/home/lucifer/humble_ws/test_ws/build/modbus_client_cpp' returned '1': /usr/bin/cmake /home/lucifer/humble_ws/test_ws/src/modbus_client_cpp -DCMAKE_INSTALL_PREFIX=/home/lucifer/humble_ws/test_ws/install/modbus_client_cpp
