[0.000000] (-) TimerEvent: {}
[0.000735] (-) JobUnselected: {'identifier': 'modbus_client_py'}
[0.000770] (-) JobUnselected: {'identifier': 'tcp_client_cpp'}
[0.000783] (-) JobUnselected: {'identifier': 'tcp_client_py'}
[0.000795] (modbus_client_cpp) JobQueued: {'identifier': 'modbus_client_cpp', 'dependencies': OrderedDict()}
[0.001017] (modbus_client_cpp) JobStarted: {'identifier': 'modbus_client_cpp'}
[0.009260] (modbus_client_cpp) JobProgress: {'identifier': 'modbus_client_cpp', 'progress': 'cmake'}
[0.009724] (modbus_client_cpp) Command: {'cmd': ['/usr/bin/cmake', '/home/lucifer/humble_ws/test_ws/src/modbus_client_cpp', '-DCMAKE_INSTALL_PREFIX=/home/lucifer/humble_ws/test_ws/install/modbus_client_cpp'], 'cwd': '/home/lucifer/humble_ws/test_ws/build/modbus_client_cpp', 'env': OrderedDict([('GJS_DEBUG_TOPICS', 'JS ERROR;JS LOG'), ('LANGUAGE', 'en_IN:en'), ('USER', 'lucifer'), ('XDG_SESSION_TYPE', 'wayland'), ('SHLVL', '1'), ('LD_LIBRARY_PATH', '/home/lucifer/humble_ws/study_ws/install/irobot_interfaces/lib:/opt/ros/humble/opt/rviz_ogre_vendor/lib:/opt/ros/humble/lib/x86_64-linux-gnu:/opt/ros/humble/lib'), ('OLDPWD', '/home/lucifer/humble_ws/test_ws/src'), ('HOME', '/home/lucifer'), ('LESS', '-R'), ('DESKTOP_SESSION', 'ubuntu'), ('GIO_LAUNCHED_DESKTOP_FILE', '/usr/share/applications/terminator.desktop'), ('ZSH', '/home/lucifer/.oh-my-zsh'), ('LSCOLORS', 'Gxfxcxdxbxegedabagacad'), ('GTK_MODULES', 'gail:atk-bridge'), ('GNOME_SHELL_SESSION_MODE', 'ubuntu'), ('PAGER', 'less'), ('ROS_PYTHON_VERSION', '3'), ('MANAGERPID', '1178'), ('SYSTEMD_EXEC_PID', '1368'), ('DBUS_SESSION_BUS_ADDRESS', 'unix:path=/run/user/1000/bus'), ('GIO_LAUNCHED_DESKTOP_FILE_PID', '3224'), ('COLORTERM', 'truecolor'), ('TERMINATOR_DBUS_NAME', 'net.tenshu.Terminator25ef4b219e3b005583550f2b0f9f990c3'), ('WAYLAND_DISPLAY', 'wayland-0'), ('ROS_DISTRO', 'humble'), ('COLCON_PREFIX_PATH', '/home/lucifer/humble_ws/study_ws/install'), ('LOGNAME', 'lucifer'), ('_', '/usr/bin/colcon'), ('JOURNAL_STREAM', '8:24667'), ('XDG_SESSION_CLASS', 'user'), ('ROS_VERSION', '2'), ('USERNAME', 'lucifer'), ('TERM', 'xterm-256color'), ('GNOME_DESKTOP_SESSION_ID', 'this-is-deprecated'), ('ROS_LOCALHOST_ONLY', '0'), ('PATH', '/opt/ros/humble/bin:/usr/local/sbin:/usr/local/bin:/usr/sbin:/usr/bin:/sbin:/bin:/usr/games:/usr/local/games:/snap/bin:/snap/bin'), ('SESSION_MANAGER', 'local/DevMachine:@/tmp/.ICE-unix/1295,unix/DevMachine:/tmp/.ICE-unix/1295'), ('INVOCATION_ID', '0ea06a1e76574a7f93af4344ea1e132d'), ('XDG_MENU_PREFIX', 'gnome-'), ('GNOME_SETUP_DISPLAY', ':1'), ('XDG_RUNTIME_DIR', '/run/user/1000'), ('DISPLAY', ':0'), ('LANG', 'en_US.UTF-8'), ('XDG_CURRENT_DESKTOP', 'ubuntu:GNOME'), ('IBUS_DISABLE_SNOOPER', '1'), ('TERMINATOR_DBUS_PATH', '/net/tenshu/Terminator2'), ('XDG_SESSION_DESKTOP', 'ubuntu'), ('XMODIFIERS', '@im=ibus'), ('XAUTHORITY', '/run/user/1000/.mutter-Xwaylandauth.RD9LY2'), ('LS_COLORS', 'rs=0:di=01;34:ln=01;36:mh=00:pi=40;33:so=01;35:do=01;35:bd=40;33;01:cd=40;33;01:or=40;31;01:mi=00:su=37;41:sg=30;43:ca=30;41:tw=30;42:ow=34;42:st=37;44:ex=01;32:*.tar=01;31:*.tgz=01;31:*.arc=01;31:*.arj=01;31:*.taz=01;31:*.lha=01;31:*.lz4=01;31:*.lzh=01;31:*.lzma=01;31:*.tlz=01;31:*.txz=01;31:*.tzo=01;31:*.t7z=01;31:*.zip=01;31:*.z=01;31:*.dz=01;31:*.gz=01;31:*.lrz=01;31:*.lz=01;31:*.lzo=01;31:*.xz=01;31:*.zst=01;31:*.tzst=01;31:*.bz2=01;31:*.bz=01;31:*.tbz=01;31:*.tbz2=01;31:*.tz=01;31:*.deb=01;31:*.rpm=01;31:*.jar=01;31:*.war=01;31:*.ear=01;31:*.sar=01;31:*.rar=01;31:*.alz=01;31:*.ace=01;31:*.zoo=01;31:*.cpio=01;31:*.7z=01;31:*.rz=01;31:*.cab=01;31:*.wim=01;31:*.swm=01;31:*.dwm=01;31:*.esd=01;31:*.jpg=01;35:*.jpeg=01;35:*.mjpg=01;35:*.mjpeg=01;35:*.gif=01;35:*.bmp=01;35:*.pbm=01;35:*.pgm=01;35:*.ppm=01;35:*.tga=01;35:*.xbm=01;35:*.xpm=01;35:*.tif=01;35:*.tiff=01;35:*.png=01;35:*.svg=01;35:*.svgz=01;35:*.mng=01;35:*.pcx=01;35:*.mov=01;35:*.mpg=01;35:*.mpeg=01;35:*.m2v=01;35:*.mkv=01;35:*.webm=01;35:*.webp=01;35:*.ogm=01;35:*.mp4=01;35:*.m4v=01;35:*.mp4v=01;35:*.vob=01;35:*.qt=01;35:*.nuv=01;35:*.wmv=01;35:*.asf=01;35:*.rm=01;35:*.rmvb=01;35:*.flc=01;35:*.avi=01;35:*.fli=01;35:*.flv=01;35:*.gl=01;35:*.dl=01;35:*.xcf=01;35:*.xwd=01;35:*.yuv=01;35:*.cgm=01;35:*.emf=01;35:*.ogv=01;35:*.ogx=01;35:*.aac=00;36:*.au=00;36:*.flac=00;36:*.m4a=00;36:*.mid=00;36:*.midi=00;36:*.mka=00;36:*.mp3=00;36:*.mpc=00;36:*.ogg=00;36:*.ra=00;36:*.wav=00;36:*.oga=00;36:*.opus=00;36:*.spx=00;36:*.xspf=00;36:'), ('SSH_AUTH_SOCK', '/run/user/1000/keyring/ssh'), ('SSH_AGENT_LAUNCHER', 'gnome-keyring'), ('AMENT_PREFIX_PATH', '/home/lucifer/humble_ws/study_ws/install/turtle_hunter_cpp:/home/lucifer/humble_ws/study_ws/install/bringup:/home/lucifer/humble_ws/study_ws/install/turtle_hunter:/home/lucifer/humble_ws/study_ws/install/irobot_interfaces:/opt/ros/humble'), ('TERMINATOR_UUID', 'urn:uuid:e7463553-e374-40c4-84f4-e0605a77ea02'), ('SHELL', '/usr/bin/zsh'), ('QT_ACCESSIBILITY', '1'), ('GDMSESSION', 'ubuntu'), ('GJS_DEBUG_OUTPUT', 'stderr'), ('QT_IM_MODULE', 'ibus'), ('LC_ALL', 'en_US.UTF-8'), ('PWD', '/home/lucifer/humble_ws/test_ws/build/modbus_client_cpp'), ('XDG_DATA_DIRS', '/usr/local/share/:/usr/share/:/var/lib/snapd/desktop'), ('PYTHONPATH', '/home/lucifer/humble_ws/study_ws/install/turtle_hunter/lib/python3.10/site-packages:/home/lucifer/humble_ws/study_ws/install/irobot_interfaces/local/lib/python3.10/dist-packages:/opt/ros/humble/lib/python3.10/site-packages:/opt/ros/humble/local/lib/python3.10/dist-packages'), ('COLCON', '1'), ('VTE_VERSION', '6800'), ('CMAKE_PREFIX_PATH', '/home/lucifer/humble_ws/study_ws/install/turtle_hunter_cpp:/home/lucifer/humble_ws/study_ws/install/bringup:/home/lucifer/humble_ws/study_ws/install/irobot_interfaces')]), 'shell': False}
[0.099862] (-) TimerEvent: {}
[0.167977] (modbus_client_cpp) StdoutLine: {'line': b'-- The C compiler identification is GNU 11.4.0\n'}
[0.200049] (-) TimerEvent: {}
[0.280094] (modbus_client_cpp) StdoutLine: {'line': b'-- The CXX compiler identification is GNU 11.4.0\n'}
[0.294529] (modbus_client_cpp) StdoutLine: {'line': b'-- Detecting C compiler ABI info\n'}
[0.300312] (-) TimerEvent: {}
[0.382324] (modbus_client_cpp) StdoutLine: {'line': b'-- Detecting C compiler ABI info - done\n'}
[0.387689] (modbus_client_cpp) StdoutLine: {'line': b'-- Check for working C compiler: /usr/bin/cc - skipped\n'}
[0.388863] (modbus_client_cpp) StdoutLine: {'line': b'-- Detecting C compile features\n'}
[0.390622] (modbus_client_cpp) StdoutLine: {'line': b'-- Detecting C compile features - done\n'}
[0.395186] (modbus_client_cpp) StdoutLine: {'line': b'-- Detecting CXX compiler ABI info\n'}
[0.400837] (-) TimerEvent: {}
[0.490338] (modbus_client_cpp) StdoutLine: {'line': b'-- Detecting CXX compiler ABI info - done\n'}
[0.495502] (modbus_client_cpp) StdoutLine: {'line': b'-- Check for working CXX compiler: /usr/bin/c++ - skipped\n'}
[0.495980] (modbus_client_cpp) StdoutLine: {'line': b'-- Detecting CXX compile features\n'}
[0.496096] (modbus_client_cpp) StdoutLine: {'line': b'-- Detecting CXX compile features - done\n'}
[0.501420] (-) TimerEvent: {}
[0.504209] (modbus_client_cpp) StdoutLine: {'line': b'-- Found ament_cmake: 1.3.11 (/opt/ros/humble/share/ament_cmake/cmake)\n'}
[0.601760] (-) TimerEvent: {}
[0.664961] (modbus_client_cpp) StdoutLine: {'line': b'-- Found Python3: /usr/bin/python3 (found version "3.10.12") found components: Interpreter \n'}
[0.702614] (-) TimerEvent: {}
[0.753068] (modbus_client_cpp) StdoutLine: {'line': b'-- Found rclcpp: 16.0.11 (/opt/ros/humble/share/rclcpp/cmake)\n'}
[0.792131] (modbus_client_cpp) StdoutLine: {'line': b'-- Found rosidl_generator_c: 3.1.6 (/opt/ros/humble/share/rosidl_generator_c/cmake)\n'}
[0.796861] (modbus_client_cpp) StdoutLine: {'line': b'-- Found rosidl_adapter: 3.1.6 (/opt/ros/humble/share/rosidl_adapter/cmake)\n'}
[0.803818] (-) TimerEvent: {}
[0.805236] (modbus_client_cpp) StdoutLine: {'line': b'-- Found rosidl_generator_cpp: 3.1.6 (/opt/ros/humble/share/rosidl_generator_cpp/cmake)\n'}
[0.816658] (modbus_client_cpp) StdoutLine: {'line': b'-- Using all available rosidl_typesupport_c: rosidl_typesupport_fastrtps_c;rosidl_typesupport_introspection_c\n'}
[0.838380] (modbus_client_cpp) StdoutLine: {'line': b'-- Using all available rosidl_typesupport_cpp: rosidl_typesupport_fastrtps_cpp;rosidl_typesupport_introspection_cpp\n'}
[0.885339] (modbus_client_cpp) StdoutLine: {'line': b'-- Found rmw_implementation_cmake: 6.1.2 (/opt/ros/humble/share/rmw_implementation_cmake/cmake)\n'}
[0.886980] (modbus_client_cpp) StdoutLine: {'line': b'-- Found rmw_fastrtps_cpp: 6.2.7 (/opt/ros/humble/share/rmw_fastrtps_cpp/cmake)\n'}
[0.904798] (-) TimerEvent: {}
[0.998087] (modbus_client_cpp) StdoutLine: {'line': b'-- Found OpenSSL: /usr/lib/x86_64-linux-gnu/libcrypto.so (found version "3.0.2")  \n'}
[1.005777] (-) TimerEvent: {}
[1.019978] (modbus_client_cpp) StdoutLine: {'line': b'-- Found FastRTPS: /opt/ros/humble/include  \n'}
[1.055178] (modbus_client_cpp) StdoutLine: {'line': b"-- Using RMW implementation 'rmw_fastrtps_cpp' as default\n"}
[1.065906] (modbus_client_cpp) StdoutLine: {'line': b'-- Looking for pthread.h\n'}
[1.106852] (-) TimerEvent: {}
[1.149672] (modbus_client_cpp) StdoutLine: {'line': b'-- Looking for pthread.h - found\n'}
[1.150833] (modbus_client_cpp) StdoutLine: {'line': b'-- Performing Test CMAKE_HAVE_LIBC_PTHREAD\n'}
[1.207784] (-) TimerEvent: {}
[1.231372] (modbus_client_cpp) StdoutLine: {'line': b'-- Performing Test CMAKE_HAVE_LIBC_PTHREAD - Success\n'}
[1.233227] (modbus_client_cpp) StdoutLine: {'line': b'-- Found Threads: TRUE  \n'}
[1.285544] (modbus_client_cpp) StdoutLine: {'line': b'-- Found PkgConfig: /usr/bin/pkg-config (found version "0.29.2") \n'}
[1.285784] (modbus_client_cpp) StdoutLine: {'line': b"-- Checking for module 'libmodbus'\n"}
[1.301518] (modbus_client_cpp) StdoutLine: {'line': b'--   Found libmodbus, version 3.1.6\n'}
[1.308202] (-) TimerEvent: {}
[1.393467] (modbus_client_cpp) StderrLine: {'line': b"Error parsing '/home/lucifer/humble_ws/test_ws/src/modbus_client_cpp/package.xml':\n"}
[1.408730] (-) TimerEvent: {}
[1.441322] (modbus_client_cpp) StderrLine: {'line': b'Traceback (most recent call last):\n'}
[1.441457] (modbus_client_cpp) StderrLine: {'line': b'  File "/usr/lib/python3/dist-packages/catkin_pkg/package.py", line 610, in parse_package_string\n'}
[1.442698] (modbus_client_cpp) StderrLine: {'line': b'    root = dom.parseString(data)\n'}
[1.442809] (modbus_client_cpp) StderrLine: {'line': b'  File "/usr/lib/python3.10/xml/dom/minidom.py", line 2000, in parseString\n'}
[1.443621] (modbus_client_cpp) StderrLine: {'line': b'    return expatbuilder.parseString(string)\n'}
[1.443819] (modbus_client_cpp) StderrLine: {'line': b'  File "/usr/lib/python3.10/xml/dom/expatbuilder.py", line 925, in parseString\n'}
[1.445416] (modbus_client_cpp) StderrLine: {'line': b'    return builder.parseString(string)\n'}
[1.445553] (modbus_client_cpp) StderrLine: {'line': b'  File "/usr/lib/python3.10/xml/dom/expatbuilder.py", line 223, in parseString\n'}
[1.445594] (modbus_client_cpp) StderrLine: {'line': b'    parser.Parse(string, True)\n'}
[1.445636] (modbus_client_cpp) StderrLine: {'line': b'xml.parsers.expat.ExpatError: not well-formed (invalid token): line 17, column 6\n'}
[1.445674] (modbus_client_cpp) StderrLine: {'line': b'\n'}
[1.445741] (modbus_client_cpp) StderrLine: {'line': b'During handling of the above exception, another exception occurred:\n'}
[1.445791] (modbus_client_cpp) StderrLine: {'line': b'\n'}
[1.445829] (modbus_client_cpp) StderrLine: {'line': b'Traceback (most recent call last):\n'}
[1.446036] (modbus_client_cpp) StderrLine: {'line': b'  File "/opt/ros/humble/share/ament_cmake_core/cmake/core/package_xml_2_cmake.py", line 150, in <module>\n'}
[1.446131] (modbus_client_cpp) StderrLine: {'line': b'    main()\n'}
[1.446180] (modbus_client_cpp) StderrLine: {'line': b'  File "/opt/ros/humble/share/ament_cmake_core/cmake/core/package_xml_2_cmake.py", line 53, in main\n'}
[1.446227] (modbus_client_cpp) StderrLine: {'line': b'    raise e\n'}
[1.446273] (modbus_client_cpp) StderrLine: {'line': b'  File "/opt/ros/humble/share/ament_cmake_core/cmake/core/package_xml_2_cmake.py", line 49, in main\n'}
[1.446320] (modbus_client_cpp) StderrLine: {'line': b'    package = parse_package_string(\n'}
[1.446376] (modbus_client_cpp) StderrLine: {'line': b'  File "/usr/lib/python3/dist-packages/catkin_pkg/package.py", line 612, in parse_package_string\n'}
[1.446715] (modbus_client_cpp) StderrLine: {'line': b"    raise InvalidPackage('The manifest contains invalid XML:\\n%s' % ex, filename)\n"}
[1.446826] (modbus_client_cpp) StderrLine: {'line': b"catkin_pkg.package.InvalidPackage: Error(s) in package '/home/lucifer/humble_ws/test_ws/src/modbus_client_cpp/package.xml':\n"}
[1.446897] (modbus_client_cpp) StderrLine: {'line': b'The manifest contains invalid XML:\n'}
[1.446963] (modbus_client_cpp) StderrLine: {'line': b'not well-formed (invalid token): line 17, column 6\n'}
[1.464712] (modbus_client_cpp) StderrLine: {'line': b'\x1b[31mCMake Error at /opt/ros/humble/share/ament_cmake_core/cmake/core/ament_package_xml.cmake:95 (message):\n'}
[1.464977] (modbus_client_cpp) StderrLine: {'line': b'  execute_process(/usr/bin/python3\n'}
[1.465060] (modbus_client_cpp) StderrLine: {'line': b'  /opt/ros/humble/share/ament_cmake_core/cmake/core/package_xml_2_cmake.py\n'}
[1.465100] (modbus_client_cpp) StderrLine: {'line': b'  /home/lucifer/humble_ws/test_ws/src/modbus_client_cpp/package.xml\n'}
[1.465138] (modbus_client_cpp) StderrLine: {'line': b'  /home/lucifer/humble_ws/test_ws/build/modbus_client_cpp/ament_cmake_core/package.cmake)\n'}
[1.465176] (modbus_client_cpp) StderrLine: {'line': b'  returned error code 1\n'}
[1.465212] (modbus_client_cpp) StderrLine: {'line': b'Call Stack (most recent call first):\n'}
[1.465248] (modbus_client_cpp) StderrLine: {'line': b'  /opt/ros/humble/share/ament_cmake_core/cmake/core/ament_package_xml.cmake:49 (_ament_package_xml)\n'}
[1.465282] (modbus_client_cpp) StderrLine: {'line': b'  /opt/ros/humble/share/ament_cmake_core/cmake/core/ament_package.cmake:63 (ament_package_xml)\n'}
[1.465317] (modbus_client_cpp) StderrLine: {'line': b'  CMakeLists.txt:37 (ament_package)\n'}
[1.465351] (modbus_client_cpp) StderrLine: {'line': b'\n'}
[1.465386] (modbus_client_cpp) StderrLine: {'line': b'\x1b[0m\n'}
[1.465420] (modbus_client_cpp) StdoutLine: {'line': b'-- Configuring incomplete, errors occurred!\n'}
[1.465472] (modbus_client_cpp) StdoutLine: {'line': b'See also "/home/lucifer/humble_ws/test_ws/build/modbus_client_cpp/CMakeFiles/CMakeOutput.log".\n'}
[1.474162] (modbus_client_cpp) CommandEnded: {'returncode': 1}
[1.474906] (modbus_client_cpp) JobEnded: {'identifier': 'modbus_client_cpp', 'rc': 1}
[1.486145] (-) EventReactorShutdown: {}
